MIF/HEX Update report for lights
Sat Mar 26 18:39:24 2016
Quartus II 32-bit Version 11.1 Build 259 01/25/2012 Service Pack 2 SJ Web Edition


---------------------
; Table of Contents ;
---------------------
  1. Legal Notice
  2. MIF/HEX Update Summary
  3. MIF/HEX Update Processed Files
  4. MIF/HEX Update Messages



----------------
; Legal Notice ;
----------------
Copyright (C) 1991-2011 Altera Corporation
Your use of Altera Corporation's design tools, logic functions 
and other software and tools, and its AMPP partner logic 
functions, and any output files from any of the foregoing 
(including device programming or simulation files), and any 
associated documentation or information are expressly subject 
to the terms and conditions of the Altera Program License 
Subscription Agreement, Altera MegaCore Function License 
Agreement, or other applicable license agreement, including, 
without limitation, that your use is for the sole purpose of 
programming logic devices manufactured by Altera and sold by 
Altera or its authorized distributors.  Please refer to the 
applicable agreement for further details.



+-----------------------------------------------------------+
; MIF/HEX Update Summary                                    ;
+-----------------------+-----------------------------------+
; MIF/HEX Update Status ; Failed - Sat Mar 26 18:39:24 2016 ;
; Revision Name         ; lights                            ;
; Top-level Entity Name ; lights                            ;
; Family                ; Cyclone II                        ;
; Device                ; EP2C35F672C6                      ;
+-----------------------+-----------------------------------+


+--------------------------------+
; MIF/HEX Update Processed Files ;
+--------------------------------+
; File Name                      ;
+--------------------------------+


+-------------------------+
; MIF/HEX Update Messages ;
+-------------------------+
Info: *******************************************************************
Info: Running Quartus II 32-bit MIF/HEX Update
    Info: Version 11.1 Build 259 01/25/2012 Service Pack 2 SJ Web Edition
    Info: Processing started: Sat Mar 26 18:39:24 2016
Info: Command: quartus_cdb lights -c lights --update_mif
Warning (39023): Can't find Memory Initialization File inst_mem.hex.hex -- skipped updates for this file
Error (39022): Found no valid Memory Initialization File to process
Error: Quartus II 32-bit MIF/HEX Update was unsuccessful. 1 error, 1 warning
    Error: Peak virtual memory: 332 megabytes
    Error: Processing ended: Sat Mar 26 18:39:24 2016
    Error: Elapsed time: 00:00:00
    Error: Total CPU time (on all processors): 00:00:00


