------------------------------------------------------------
TimeQuest Timing Analyzer Summary
------------------------------------------------------------

Type  : Slow Model Setup 'csi_clockreset_clk[0]'
Slack : 17.085
TNS   : 0.000

Type  : Slow Model Setup 'VGA|mypll|altpll_component|pll|clk[0]'
Slack : 30.883
TNS   : 0.000

Type  : Slow Model Hold 'VGA|mypll|altpll_component|pll|clk[0]'
Slack : 0.522
TNS   : 0.000

Type  : Slow Model Hold 'csi_clockreset_clk[0]'
Slack : 2.646
TNS   : 0.000

Type  : Slow Model Minimum Pulse Width 'csi_clockreset_clk[0]'
Slack : 7.620
TNS   : 0.000

Type  : Slow Model Minimum Pulse Width 'VGA|mypll|altpll_component|pll|clk[0]'
Slack : 17.873
TNS   : 0.000

Type  : Fast Model Setup 'csi_clockreset_clk[0]'
Slack : 17.543
TNS   : 0.000

Type  : Fast Model Setup 'VGA|mypll|altpll_component|pll|clk[0]'
Slack : 35.733
TNS   : 0.000

Type  : Fast Model Hold 'VGA|mypll|altpll_component|pll|clk[0]'
Slack : 0.242
TNS   : 0.000

Type  : Fast Model Hold 'csi_clockreset_clk[0]'
Slack : 2.318
TNS   : 0.000

Type  : Fast Model Minimum Pulse Width 'csi_clockreset_clk[0]'
Slack : 7.620
TNS   : 0.000

Type  : Fast Model Minimum Pulse Width 'VGA|mypll|altpll_component|pll|clk[0]'
Slack : 17.873
TNS   : 0.000

------------------------------------------------------------
